[INFO] Scanning for projects...
[INFO] 
[INFO] -------------------< cartwave.app:cartwave-backend >--------------------
[INFO] Building cartwave-backend 0.0.1-SNAPSHOT
[INFO]   from pom.xml
[INFO] --------------------------------[ jar ]---------------------------------
[INFO] 
[INFO] --- resources:3.3.1:resources (default-resources) @ cartwave-backend ---
[INFO] Copying 2 resources from src\main\resources to target\classes
[INFO] Copying 2 resources from src\main\resources to target\classes
[INFO] 
[INFO] --- compiler:3.14.0:compile (default-compile) @ cartwave-backend ---
[INFO] Recompiling the module because of changed source code.
[INFO] Compiling 180 source files with javac [debug parameters release 21] to target\classes
[INFO] ------------------------------------------------------------------------
[INFO] BUILD SUCCESS
[INFO] ------------------------------------------------------------------------
[INFO] Total time:  52.651 s
[INFO] Finished at: 2026-03-09T18:16:34+01:00
[INFO] ------------------------------------------------------------------------
